------------------------------------------------------------
TimeQuest Timing Analyzer Summary
------------------------------------------------------------

Type  : Slow 1100mV 85C Model Setup 'clk'
Slack : -11.404
TNS   : -107.620

Type  : Slow 1100mV 85C Model Hold 'clk'
Slack : 0.374
TNS   : 0.000

Type  : Slow 1100mV 85C Model Recovery 'clk'
Slack : -0.059
TNS   : -0.401

Type  : Slow 1100mV 85C Model Removal 'clk'
Slack : 0.539
TNS   : 0.000

Type  : Slow 1100mV 85C Model Minimum Pulse Width 'clk'
Slack : -0.394
TNS   : -22.616

Type  : Slow 1100mV 0C Model Setup 'clk'
Slack : -11.988
TNS   : -108.523

Type  : Slow 1100mV 0C Model Hold 'clk'
Slack : 0.391
TNS   : 0.000

Type  : Slow 1100mV 0C Model Recovery 'clk'
Slack : -0.005
TNS   : -0.023

Type  : Slow 1100mV 0C Model Removal 'clk'
Slack : 0.507
TNS   : 0.000

Type  : Slow 1100mV 0C Model Minimum Pulse Width 'clk'
Slack : -0.394
TNS   : -24.113

Type  : Fast 1100mV 85C Model Setup 'clk'
Slack : -5.449
TNS   : -40.734

Type  : Fast 1100mV 85C Model Hold 'clk'
Slack : 0.181
TNS   : 0.000

Type  : Fast 1100mV 85C Model Recovery 'clk'
Slack : 0.398
TNS   : 0.000

Type  : Fast 1100mV 85C Model Removal 'clk'
Slack : 0.293
TNS   : 0.000

Type  : Fast 1100mV 85C Model Minimum Pulse Width 'clk'
Slack : -0.093
TNS   : -3.868

Type  : Fast 1100mV 0C Model Setup 'clk'
Slack : -5.218
TNS   : -35.634

Type  : Fast 1100mV 0C Model Hold 'clk'
Slack : 0.173
TNS   : 0.000

Type  : Fast 1100mV 0C Model Recovery 'clk'
Slack : 0.440
TNS   : 0.000

Type  : Fast 1100mV 0C Model Removal 'clk'
Slack : 0.270
TNS   : 0.000

Type  : Fast 1100mV 0C Model Minimum Pulse Width 'clk'
Slack : -0.089
TNS   : -3.730

------------------------------------------------------------
