------------------------------------------------------------
TimeQuest Timing Analyzer Summary
------------------------------------------------------------

Type  : Slow 1100mV 85C Model Setup 'clk'
Slack : -2.260
TNS   : -111.619

Type  : Slow 1100mV 85C Model Hold 'clk'
Slack : 0.383
TNS   : 0.000

Type  : Slow 1100mV 85C Model Recovery 'clk'
Slack : -0.452
TNS   : -9.929

Type  : Slow 1100mV 85C Model Removal 'clk'
Slack : 0.817
TNS   : 0.000

Type  : Slow 1100mV 85C Model Minimum Pulse Width 'clk'
Slack : -0.394
TNS   : -30.718

Type  : Slow 1100mV 0C Model Setup 'clk'
Slack : -2.193
TNS   : -110.212

Type  : Slow 1100mV 0C Model Hold 'clk'
Slack : 0.378
TNS   : 0.000

Type  : Slow 1100mV 0C Model Recovery 'clk'
Slack : -0.388
TNS   : -8.003

Type  : Slow 1100mV 0C Model Removal 'clk'
Slack : 0.779
TNS   : 0.000

Type  : Slow 1100mV 0C Model Minimum Pulse Width 'clk'
Slack : -0.394
TNS   : -33.005

Type  : Fast 1100mV 85C Model Setup 'clk'
Slack : -0.881
TNS   : -34.347

Type  : Fast 1100mV 85C Model Hold 'clk'
Slack : 0.184
TNS   : 0.000

Type  : Fast 1100mV 85C Model Recovery 'clk'
Slack : 0.110
TNS   : 0.000

Type  : Fast 1100mV 85C Model Removal 'clk'
Slack : 0.451
TNS   : 0.000

Type  : Fast 1100mV 85C Model Minimum Pulse Width 'clk'
Slack : -0.093
TNS   : -5.208

Type  : Fast 1100mV 0C Model Setup 'clk'
Slack : -0.728
TNS   : -27.941

Type  : Fast 1100mV 0C Model Hold 'clk'
Slack : 0.176
TNS   : 0.000

Type  : Fast 1100mV 0C Model Recovery 'clk'
Slack : 0.187
TNS   : 0.000

Type  : Fast 1100mV 0C Model Removal 'clk'
Slack : 0.404
TNS   : 0.000

Type  : Fast 1100mV 0C Model Minimum Pulse Width 'clk'
Slack : -0.090
TNS   : -5.088

------------------------------------------------------------
