------------------------------------------------------------
TimeQuest Timing Analyzer Summary
------------------------------------------------------------

Type  : Slow 1100mV 85C Model Setup 'Clock_125|pll_125_inst|altera_pll_i|general[0].gpll~PLL_OUTPUT_COUNTER|divclk'
Slack : -1.316
TNS   : -129.866

Type  : Slow 1100mV 85C Model Setup 'clk'
Slack : -0.578
TNS   : -3.031

Type  : Slow 1100mV 85C Model Hold 'clk'
Slack : -0.448
TNS   : -2.841

Type  : Slow 1100mV 85C Model Hold 'Clock_125|pll_125_inst|altera_pll_i|general[0].gpll~PLL_OUTPUT_COUNTER|divclk'
Slack : 0.235
TNS   : 0.000

Type  : Slow 1100mV 85C Model Recovery 'Clock_125|pll_125_inst|altera_pll_i|general[0].gpll~PLL_OUTPUT_COUNTER|divclk'
Slack : -0.967
TNS   : -97.378

Type  : Slow 1100mV 85C Model Recovery 'clk'
Slack : 19.368
TNS   : 0.000

Type  : Slow 1100mV 85C Model Removal 'clk'
Slack : 0.307
TNS   : 0.000

Type  : Slow 1100mV 85C Model Removal 'Clock_125|pll_125_inst|altera_pll_i|general[0].gpll~PLL_OUTPUT_COUNTER|divclk'
Slack : 2.427
TNS   : 0.000

Type  : Slow 1100mV 85C Model Minimum Pulse Width 'Clock_125|pll_125_inst|altera_pll_i|general[0].gpll~FRACTIONAL_PLL|vcoph[0]'
Slack : 1.333
TNS   : 0.000

Type  : Slow 1100mV 85C Model Minimum Pulse Width 'Clock_125|pll_125_inst|altera_pll_i|general[0].gpll~PLL_OUTPUT_COUNTER|divclk'
Slack : 2.788
TNS   : 0.000

Type  : Slow 1100mV 85C Model Minimum Pulse Width 'clk'
Slack : 9.409
TNS   : 0.000

Type  : Slow 1100mV 0C Model Setup 'Clock_125|pll_125_inst|altera_pll_i|general[0].gpll~PLL_OUTPUT_COUNTER|divclk'
Slack : -1.195
TNS   : -115.795

Type  : Slow 1100mV 0C Model Setup 'clk'
Slack : -0.410
TNS   : -1.399

Type  : Slow 1100mV 0C Model Hold 'clk'
Slack : -0.632
TNS   : -5.579

Type  : Slow 1100mV 0C Model Hold 'Clock_125|pll_125_inst|altera_pll_i|general[0].gpll~PLL_OUTPUT_COUNTER|divclk'
Slack : 0.231
TNS   : 0.000

Type  : Slow 1100mV 0C Model Recovery 'Clock_125|pll_125_inst|altera_pll_i|general[0].gpll~PLL_OUTPUT_COUNTER|divclk'
Slack : -0.836
TNS   : -83.427

Type  : Slow 1100mV 0C Model Recovery 'clk'
Slack : 19.388
TNS   : 0.000

Type  : Slow 1100mV 0C Model Removal 'clk'
Slack : 0.281
TNS   : 0.000

Type  : Slow 1100mV 0C Model Removal 'Clock_125|pll_125_inst|altera_pll_i|general[0].gpll~PLL_OUTPUT_COUNTER|divclk'
Slack : 2.452
TNS   : 0.000

Type  : Slow 1100mV 0C Model Minimum Pulse Width 'Clock_125|pll_125_inst|altera_pll_i|general[0].gpll~FRACTIONAL_PLL|vcoph[0]'
Slack : 1.333
TNS   : 0.000

Type  : Slow 1100mV 0C Model Minimum Pulse Width 'Clock_125|pll_125_inst|altera_pll_i|general[0].gpll~PLL_OUTPUT_COUNTER|divclk'
Slack : 2.776
TNS   : 0.000

Type  : Slow 1100mV 0C Model Minimum Pulse Width 'clk'
Slack : 9.339
TNS   : 0.000

Type  : Fast 1100mV 85C Model Setup 'clk'
Slack : 0.758
TNS   : 0.000

Type  : Fast 1100mV 85C Model Setup 'Clock_125|pll_125_inst|altera_pll_i|general[0].gpll~PLL_OUTPUT_COUNTER|divclk'
Slack : 1.076
TNS   : 0.000

Type  : Fast 1100mV 85C Model Hold 'Clock_125|pll_125_inst|altera_pll_i|general[0].gpll~PLL_OUTPUT_COUNTER|divclk'
Slack : 0.154
TNS   : 0.000

Type  : Fast 1100mV 85C Model Hold 'clk'
Slack : 0.173
TNS   : 0.000

Type  : Fast 1100mV 85C Model Recovery 'Clock_125|pll_125_inst|altera_pll_i|general[0].gpll~PLL_OUTPUT_COUNTER|divclk'
Slack : 1.287
TNS   : 0.000

Type  : Fast 1100mV 85C Model Recovery 'clk'
Slack : 19.617
TNS   : 0.000

Type  : Fast 1100mV 85C Model Removal 'clk'
Slack : 0.197
TNS   : 0.000

Type  : Fast 1100mV 85C Model Removal 'Clock_125|pll_125_inst|altera_pll_i|general[0].gpll~PLL_OUTPUT_COUNTER|divclk'
Slack : 1.423
TNS   : 0.000

Type  : Fast 1100mV 85C Model Minimum Pulse Width 'Clock_125|pll_125_inst|altera_pll_i|general[0].gpll~FRACTIONAL_PLL|vcoph[0]'
Slack : 1.333
TNS   : 0.000

Type  : Fast 1100mV 85C Model Minimum Pulse Width 'Clock_125|pll_125_inst|altera_pll_i|general[0].gpll~PLL_OUTPUT_COUNTER|divclk'
Slack : 2.896
TNS   : 0.000

Type  : Fast 1100mV 85C Model Minimum Pulse Width 'clk'
Slack : 9.403
TNS   : 0.000

Type  : Fast 1100mV 0C Model Setup 'clk'
Slack : 1.198
TNS   : 0.000

Type  : Fast 1100mV 0C Model Setup 'Clock_125|pll_125_inst|altera_pll_i|general[0].gpll~PLL_OUTPUT_COUNTER|divclk'
Slack : 1.203
TNS   : 0.000

Type  : Fast 1100mV 0C Model Hold 'clk'
Slack : 0.015
TNS   : 0.000

Type  : Fast 1100mV 0C Model Hold 'Clock_125|pll_125_inst|altera_pll_i|general[0].gpll~PLL_OUTPUT_COUNTER|divclk'
Slack : 0.155
TNS   : 0.000

Type  : Fast 1100mV 0C Model Recovery 'Clock_125|pll_125_inst|altera_pll_i|general[0].gpll~PLL_OUTPUT_COUNTER|divclk'
Slack : 1.407
TNS   : 0.000

Type  : Fast 1100mV 0C Model Recovery 'clk'
Slack : 19.644
TNS   : 0.000

Type  : Fast 1100mV 0C Model Removal 'clk'
Slack : 0.178
TNS   : 0.000

Type  : Fast 1100mV 0C Model Removal 'Clock_125|pll_125_inst|altera_pll_i|general[0].gpll~PLL_OUTPUT_COUNTER|divclk'
Slack : 1.406
TNS   : 0.000

Type  : Fast 1100mV 0C Model Minimum Pulse Width 'Clock_125|pll_125_inst|altera_pll_i|general[0].gpll~FRACTIONAL_PLL|vcoph[0]'
Slack : 1.333
TNS   : 0.000

Type  : Fast 1100mV 0C Model Minimum Pulse Width 'Clock_125|pll_125_inst|altera_pll_i|general[0].gpll~PLL_OUTPUT_COUNTER|divclk'
Slack : 2.897
TNS   : 0.000

Type  : Fast 1100mV 0C Model Minimum Pulse Width 'clk'
Slack : 9.403
TNS   : 0.000

------------------------------------------------------------
